// Jest Snapshot v1, https://goo.gl/fbAQLP

exports[`<Chart/> Component renders correctly 1`] = `ShallowWrapper {}`;
