// Jest Snapshot v1, https://goo.gl/fbAQLP

exports[`<EnergyPanel/> Component  renders correctly 1`] = `ShallowWrapper {}`;
